sobol # 0 done
0.007092682236946722
sobol # 1 done
0.006701102374591125
sobol # 2 done
0.0026511270814821284
sobol # 3 done
0.004361398960156097
sobol # 4 done
0.0038528612544774313
sobol # 5 done
0.0032102157533287277
sobol # 6 done
0.007214801004347036
sobol # 7 done
0.0015482426799830246
sobol # 8 done
0.004727976453576349
sobol # 9 done
0.00274986586537557
sobol # 10 done
0.004430944022301577
sobol # 11 done
0.00228222699897517
sobol # 12 done
0.0022218444614822393
sobol # 13 done
0.004712633790359701
sobol # 14 done
0.003857521477412673
sobol # 15 done
0.0024422461730208562
sobol # 16 done
0.005182615459619885
sobol # 17 done
0.0004156936348747228
sobol # 18 done
0.0026100740335125174
sobol # 19 done
0.0021266129228658627
sobol # 20 done
0.004555998319742685
sobol # 21 done
0.005120214734115885
sobol # 22 done
0.0011980731588137616
sobol # 23 done
0.004469353636105373
sobol # 24 done
0.005101688383796933
sobol # 25 done
0.004749899497301132
sobol # 26 done
0.00517170616693662
sobol # 27 done
0.005263036584588616
sobol # 28 done
0.0032179256022165084
sobol # 29 done
0.003964572233653123
sobol # 30 done
0.003965612103278489
sobol # 31 done
0.004572597870717983
sobol # 32 done
0.002329760751878876
sobol # 33 done
0.002698447050327528
sobol # 34 done
0.004967384037565216
sobol # 35 done
0.0024939740106864204
sobol # 36 done
0.007501501878754408
sobol # 37 done
0.004292830270241704
sobol # 38 done
0.0023387025824547344
sobol # 39 done
0.004970865055925344
sobol # 40 done
0.003333297307024442
sobol # 41 done
0.004386900553450535
sobol # 42 done
0.005739699121013289
sobol # 43 done
0.004989564839991632
sobol # 44 done
0.002998267200827608
sobol # 45 done
0.0046418139961215904
sobol # 46 done
0.0033076933575434723
sobol # 47 done
0.0023436502287766422
sobol # 48 done
0.0033581770424862384
sobol # 49 done
0.004085049874077826
sobol # 50 done
0.003858542593052259
sobol # 51 done
0.005607607664420207
sobol # 52 done
0.006073504841734355
sobol # 53 done
0.006859709939472511
sobol # 54 done
0.005300087696557081
sobol # 55 done
0.0028850073687413914
sobol # 56 done
0.0012081004347097807
sobol # 57 done
0.006384809197462441
sobol # 58 done
0.004181107218952392
sobol # 59 done
0.0033157282253549565
sobol # 60 done
0.003037841757624703
sobol # 61 done
0.004450253249658727
sobol # 62 done
0.003459980787069887
sobol # 63 done
0.004935669665627574
sobol # 64 done
0.00011349097285624038
sobol # 65 done
0.0014762464715767387
sobol # 66 done
0.0008420077976375
sobol # 67 done
0.0027894020719306184
sobol # 68 done
0.0048448976705123235
sobol # 69 done
0.005874622585170089
sobol # 70 done
0.005887603056931369
sobol # 71 done
0.002573032785140339
sobol # 72 done
0.003778784687746576
sobol # 73 done
0.004567430720980555
sobol # 74 done
0.0026272797352638634
sobol # 75 done
0.004071318697898541
sobol # 76 done
0.0031037493879982887
sobol # 77 done
0.004553104252911626
sobol # 78 done
0.00267343484737049
sobol # 79 done
0.0013545438163006579
sobol # 80 done
0.005033092097836763
sobol # 81 done
0.003924810789428863
sobol # 82 done
0.003428556172829672
sobol # 83 done
0.002804134235151473
sobol # 84 done
0.004892960623983077
sobol # 85 done
0.005128612979013842
sobol # 86 done
0.005441725271180928
sobol # 87 done
0.004700579481445115
sobol # 88 done
0.003708683338414862
sobol # 89 done
0.0021293166999499223
sobol # 90 done
0.005793074090065166
sobol # 91 done
0.0033195569227327548
sobol # 92 done
0.0039630166862379065
sobol # 93 done
0.0013224110985344403
sobol # 94 done
0.004302424055670783
sobol # 95 done
0.00632008516127969
sobol # 96 done
0.0032475778558240524
sobol # 97 done
0.0037904001869197737
sobol # 98 done
0.005238420162663081
sobol # 99 done
0.00566209717360483
accuracy: 1.0
(0,1) sobol index mean: 0.0039336137937053504
(0,1) sobol index std: 0.0015380353699655416
