ALGORITHM: repeatingintervalbasedpolicy
NUM_PHASES: 2
RUNS: [
7.747677144146362e-82
4.6473982013749625e-82
1.0419280103916726e-81
5.951787141115094e-82
1.3324402956148557e-82
4.777620004007462e-82
7.946835292565771e-82
7.574615402403529e-82
1.3220165786013197e-82
1.652363208709524e-81
]
MEAN:[6.82433023e-82]
NUM_PHASES: 2
RUNS: [
6.964105349268305e-77
1.5940578869837503e-77
7.25576135745609e-78
4.5818339419230646e-79
4.75199317529834e-77
5.150947823859355e-77
6.095581023219985e-77
1.133048201667289e-77
1.0693533391871593e-78
2.0781736301145654e-78
]
MEAN:[2.67758806e-77]
NUM_PHASES: 2
RUNS: [
99.10950513063446
74.06029743249374
242.19128065886008
203.30272947971855
304.70147078572745
107.9642111900236
157.81402378191305
50.52029682638794
1055.4080136616838
168.6020859201836
]
MEAN:[246.36739149]
NUM_PHASES: 2
RUNS: [
0.16731512317625769
1.3423188479041657
0.014160610453995026
0.01699940367234514
0.13912955141488584
0.03905761220125663
0.0046870161626554946
0.10689686428116515
0.1100475815032036
0.9363714294319043
]
MEAN:[0.2876984]
NUM_PHASES: 2
RUNS: [
0.0
0.0
0.0
0.0
0.0
0.0
0.0
0.0
0.0
0.0
]
MEAN:[0.]
NUM_PHASES: 2
RUNS: [
0.15852726829831
0.2817884972776163
0.2819023649038719
0.2819776884189129
0.2823480435478701
0.28215008810373615
0.2820428388233106
0.2819588304788953
0.28178295607817755
0.28199628429600015
]
MEAN:[0.26964749]
NUM_PHASES: 2
RUNS: [
0.0
30.003837607797806
0.0
30.00383760779781
30.00383760779781
0.0
30.003837607797813
0.0
30.003837607797806
30.00383760779781
]
MEAN:[18.00230256]
NUM_PHASES: 2
RUNS: [
0.0
0.0
0.0
0.0
0.0
0.0
0.0
0.0
0.0
0.0
]
MEAN:[0.]
NUM_PHASES: 2
RUNS: [
1.4997597826618576e-32
1.4997597826618576e-32
1.4997597826618576e-32
1.4997597826618576e-32
1.4997597826618576e-32
1.4997597826618576e-32
1.4997597826618576e-32
1.4997597826618576e-32
1.4997597826618576e-32
1.4997597826618576e-32
]
MEAN:[1.49975978e-32]
NUM_PHASES: 2
RUNS: [
0.2906155127493548
1.359612368625676
1.4833306118416658
2.445243051613943
1.3681849913373298
1.5328520746697905
0.26661819304899836
1.4198459231101879
2.398306423685426
1.4595922388289182
]
MEAN:[1.40242014]
NUM_PHASES: 2
RUNS: [
3.7226231394077655e-85
4.689585841705535e-85
8.756262853614417e-85
1.7656514533971144e-85
1.869017502846078e-85
5.0772469968730463e-85
1.099019591118334e-85
3.463618525103524e-85
6.771790432888463e-85
1.991470265161787e-85
]
MEAN:[3.92062866e-85]
NUM_PHASES: 2
RUNS: [
7.484680401847421e-88
4.5844650032218885e-88
6.508809218095641e-88
2.706329284127373e-88
4.4533088106512085e-88
1.8292845703443663e-87
1.1788177913973898e-87
1.6613413935106364e-88
3.416327738525913e-88
5.661427848365142e-88
]
MEAN:[6.65577133e-88]
NUM_PHASES: 2
RUNS: [
19.999999919338528
19.99999988693673
19.99999989378562
19.999999881116647
19.999999840027815
19.999999905275832
19.999999907359843
19.9999998949642
19.99999988754622
19.999999837986348
]
MEAN:[19.99999989]
NUM_PHASES: 2
RUNS: [
0.0
0.0
0.0
0.0
0.0
0.0
0.0
0.0
0.0
0.0
]
MEAN:[0.]
NUM_PHASES: 2
RUNS: [
0.0
0.0
0.0
0.0
0.0
0.0
0.0
0.0
0.0
0.0
]
MEAN:[0.]
NUM_PHASES: 2
RUNS: [
0.0
0.0
0.0
0.0
0.0
0.0
0.0
0.0
0.0
0.0
]
MEAN:[0.]
NUM_PHASES: 2
RUNS: [
0.15832316155968618
0.1249098473832903
0.10419182741822058
0.08724318680379106
0.11619231758117637
0.13244181668672772
0.13294971218717627
0.11024051940050217
0.11531934437994473
0.08568172010563174
]
MEAN:[0.11674935]
NUM_PHASES: 2
RUNS: [
0.2806852877418735
0.20588291779949036
0.24041156353610543
0.22363054302698837
0.13212655020643982
0.21355250129124237
0.26018035279398743
0.17360848482517122
0.22366357826615718
0.22253244036108644
]
MEAN:[0.21762742]
NUM_PHASES: 2
RUNS: [
1.0160637071116154
1.0104259441607861
0.6506296730972362
0.5260563012607621
1.2393280694644488
1.0016520611374284
0.9130034193357527
0.48333445852726653
1.022958830531294
0.7460041861660253
]
MEAN:[0.86094567]
NUM_PHASES: 2
RUNS: [
2.78187953585123e-42
2.4187567398087527e-42
1.9175353573752425e-42
2.0608472372932213e-42
3.378677221173804e-42
6.644882931628201e-43
6.933480485768303e-42
2.8868247506558694e-42
2.084436455394267e-42
2.076349356391661e-42
]
MEAN:[2.72032754e-42]
NUM_PHASES: 5
RUNS: [
3.8549801050526616e-115
2.5935779487806395e-115
1.6875627478942667e-116
4.842648912478559e-117
3.277466229330504e-117
1.3475363487805018e-115
2.6492535804185575e-116
6.919772906395782e-117
4.323026716160623e-116
9.44248506551315e-117
]
MEAN:[8.90690244e-116]
NUM_PHASES: 5
RUNS: [
2.3278549248755533e-104
3.0260938688222095e-100
3.1270797185714894e-102
1.1117022982583404e-101
1.687625502680499e-104
4.159718298831958e-102
2.3808920052411752e-101
3.927329156242203e-104
1.514975846240131e-103
1.7590182708534566e-100
]
MEAN:[5.20954881e-101]
NUM_PHASES: 5
RUNS: [
70.25412249993671
217.57674823980216
38.539702409872554
33.712179794906476
2.992542379382303
10.363525719559123
23.8764738789336
11.513607327985802
48.82892303653722
82.0474112686196
]
MEAN:[53.97052366]
NUM_PHASES: 5
RUNS: [
0.00048152714151871963
0.0009618312057351123
0.00023325244637531132
0.0014380321374749348
0.001498403693806979
0.0010148616276418826
0.00017956195856552726
0.0004041293603606102
0.001162388761242873
0.00020211661709162407
]
MEAN:[0.00075761]
NUM_PHASES: 5
RUNS: [
0.0
0.0
0.0
0.0
0.0
0.0
0.0
0.0
0.0
0.0
]
MEAN:[0.]
NUM_PHASES: 5
RUNS: [
0.2817622485261461
0.0
0.1846939055010125
0.17491887142213575
0.0
0.2817625405258261
0.28176169950706975
0.28176455461705985
0.28176138994165995
0.28176143434190815
]
MEAN:[0.20501866]
NUM_PHASES: 5
RUNS: [
0.0
30.00383760779777
30.00383760779777
30.003837607797767
30.00383760779777
0.0
30.003837607797763
30.00383760779777
30.003837607797767
30.00383760779777
]
MEAN:[24.00307009]
NUM_PHASES: 5
RUNS: [
0.0
0.0
0.0
0.0
0.0
0.0
0.0
0.0
0.0
0.0
]
MEAN:[0.]
NUM_PHASES: 5
RUNS: [
1.4997597826618576e-32
1.4997597826618576e-32
1.4997597826618576e-32
1.4997597826618576e-32
1.4997597826618576e-32
1.4997597826618576e-32
1.4997597826618576e-32
1.4997597826618576e-32
1.4997597826618576e-32
1.4997597826618576e-32
]
MEAN:[1.49975978e-32]
NUM_PHASES: 5
RUNS: [
0.00038182698881428223
0.00038182698881428223
0.00038182698881428223
0.00038182698881428223
0.00038182698881428223
0.00038182698881428223
0.00038182698881428223
0.00038182698881428223
0.00038182698881428223
0.00038182698881428223
]
MEAN:[0.00038183]
NUM_PHASES: 5
RUNS: [
6.916741928526719e-120
1.6056924878897452e-119
1.0385462643690534e-119
8.727750918713783e-120
1.0053195451452208e-119
1.1441810294736151e-119
7.917539082567116e-120
1.2218241531478282e-118
1.4306786031942205e-118
1.9387070098606426e-118
]
MEAN:[5.30620402e-119]
NUM_PHASES: 5
RUNS: [
4.030175785330873e-122
5.591290166109676e-122
5.385308598400259e-124
2.1930347843916887e-122
9.202412674811322e-122
6.533469375867924e-122
3.463945092461313e-121
4.405038735279823e-123
1.79318953625438e-122
7.105753949803198e-122
]
MEAN:[7.15831342e-122]
NUM_PHASES: 5
RUNS: [
19.999964892098657
19.999979204134544
19.99998976175541
19.999988580224965
19.999242841748554
19.999976797557775
19.99999270478491
19.999993038029125
19.999994001431865
19.999994297861605
]
MEAN:[19.99991161]
NUM_PHASES: 5
RUNS: [
0.0
0.0
0.0
0.0
0.0
0.0
0.0
0.0
0.0
0.0
]
MEAN:[0.]
NUM_PHASES: 5
RUNS: [
0.0
0.0
0.0
0.0
0.0
0.0
0.0
0.0
0.0
0.0
]
MEAN:[0.]
NUM_PHASES: 5
RUNS: [
0.0
0.0
0.0
0.0
0.0
0.0
0.0
0.0
0.0
0.0
]
MEAN:[0.]
NUM_PHASES: 5
RUNS: [
0.11230745818332671
0.07186345054468257
0.05858968585658403
0.07411123940523096
0.07050862960563803
0.08846706418258243
0.1008857777836461
0.05408230091764754
0.08114844678543859
0.048053432825714504
]
MEAN:[0.07600175]
NUM_PHASES: 5
RUNS: [
0.04207511842779499
0.061592198668982856
0.5332170464028831
0.06228649979034817
0.06156785435320594
0.057406616404919564
0.045873618105840674
0.05154494945261967
0.05101723000917224
0.07381776974180515
]
MEAN:[0.10403989]
NUM_PHASES: 5
RUNS: [
0.5401335754974276
0.8794534741792382
0.4668176159327614
0.5787077405064646
0.4277474382879082
0.47915853446087364
0.7075867289761407
0.6199737444620104
0.8493266496469946
0.36961628932791424
]
MEAN:[0.59185218]
NUM_PHASES: 5
RUNS: [
1.0364351448696421e-61
4.548692480633381e-61
1.1330469907262005e-61
8.989647284741725e-62
3.311377425480323e-61
7.268369148225287e-62
8.022894944286257e-62
1.4853397140361395e-61
5.140182633317013e-62
1.093875345441474e-61
]
MEAN:[1.55508765e-61]
NUM_PHASES: 10
RUNS: [
2.4849879885406494e-115
1.3193943188866496e-115
7.2475118788287085e-115
2.8207091012552748e-115
3.2986407741786895e-115
3.154082631166091e-115
3.5815894968561614e-115
6.598151307821363e-115
1.7682569979904414e-115
2.6923769178065286e-115
]
MEAN:[3.49657014e-115]
NUM_PHASES: 10
RUNS: [
5.242006378104211e-111
1.014127210539153e-111
8.328681504300918e-111
3.5099406545590153e-112
1.5554786998783246e-109
2.4191667099066375e-112
1.6614245544704155e-110
7.041616312127234e-110
3.821974755931048e-111
7.947619290537053e-113
]
MEAN:[2.61657455e-110]
NUM_PHASES: 10
RUNS: [
10.751032364999226
4.432838864948856
0.5167014890234901
21.82460719767018
1.9396105956997058
37.11352329163185
2.9558145466830763
1.2542815400169627
0.2982485797189219
2.22546680309973
]
MEAN:[8.33121253]
NUM_PHASES: 10
RUNS: [
7.442158946512188e-05
0.00012087863255559843
9.858979340746535e-05
4.3829881579353704e-05
7.69919252359735e-05
6.17993360590136e-05
3.824986819400576e-05
4.497425526718424e-05
9.101802708592086e-05
5.724394614718574e-05
]
MEAN:[7.07997255e-05]
NUM_PHASES: 10
RUNS: [
0.0
0.0
0.0
0.0
0.0
0.0
0.0
0.0
0.0
0.0
]
MEAN:[0.]
NUM_PHASES: 10
RUNS: [
0.2817657975047529
0.28177040941950476
0.2817708600555751
0.0
0.2817625871466838
0.2817642974639693
0.28176413061870675
0.28176138936694417
0.28176913222593286
0.281763833128353
]
MEAN:[0.25358924]
NUM_PHASES: 10
RUNS: [
30.003837607797774
30.003837607797777
30.003837607797777
30.003837607797777
30.00383760779777
0.0
30.003837607797777
0.0
30.003837607797777
30.003837607797777
]
MEAN:[24.00307009]
NUM_PHASES: 10
RUNS: [
0.0
0.0
0.0
0.0
0.0
0.0
0.0
0.0
0.0
0.0
]
MEAN:[0.]
NUM_PHASES: 10
RUNS: [
1.4997597826618576e-32
1.4997597826618576e-32
1.4997597826618576e-32
1.4997597826618576e-32
1.4997597826618576e-32
1.4997597826618576e-32
1.4997597826618576e-32
1.4997597826618576e-32
1.4997597826618576e-32
1.4997597826618576e-32
]
MEAN:[1.49975978e-32]
NUM_PHASES: 10
RUNS: [
0.12589846393166226
0.042039660846057814
0.0629459321826289
0.0628395675921638
0.10447806132651749
0.14611655570479343
0.08370845567515062
0.10451863892558322
0.08365896766372316
0.08374162829204579
]
MEAN:[0.08999459]
NUM_PHASES: 10
RUNS: [
1.1620508606348064e-117
1.0281289376304653e-118
2.8524747038340827e-118
1.95640701657942e-118
3.722021480804372e-118
3.1354999804265396e-119
1.1280720928087198e-117
1.0384519962045232e-118
8.878728999583299e-119
2.366644982036124e-118
]
MEAN:[3.70667815e-118]
NUM_PHASES: 10
RUNS: [
1.6245580786562627e-121
2.7624650707617237e-121
5.013281103585076e-122
2.48611130964388e-121
2.55117712174985e-122
9.59705068178019e-121
1.2754287859072208e-121
6.067967689696309e-121
2.4403917286480025e-121
9.135767898915357e-122
]
MEAN:[2.7923996e-121]
NUM_PHASES: 10
RUNS: [
19.999999889861048
19.99999991919635
19.999999914321332
19.99999992018223
19.999999892188743
19.999999906613258
19.99999989132561
19.999999900868627
19.99999987820066
19.99999987384395
]
MEAN:[19.9999999]
NUM_PHASES: 10
RUNS: [
0.0
0.0
0.0
0.0
0.0
0.0
0.0
0.0
0.0
0.0
]
MEAN:[0.]
NUM_PHASES: 10
RUNS: [
0.0
0.0
0.0
0.0
0.0
0.0
0.0
0.0
0.0
0.0
]
MEAN:[0.]
NUM_PHASES: 10
RUNS: [
0.0
0.0
0.0
0.0
0.0
0.0
0.0
0.0
0.0
0.0
]
MEAN:[0.]
NUM_PHASES: 10
RUNS: [
0.12669154784917613
0.13014488970707633
0.16830985659036896
0.09253289097031542
0.09727787221557421
0.10595793400118902
0.17634780542786876
0.10591830966629201
0.13367940450268617
0.079499676043919
]
MEAN:[0.12163602]
NUM_PHASES: 10
RUNS: [
0.1323918419988961
0.15986082621512343
0.5377269983514351
0.5441217038937641
0.18834516176526422
0.5324901207114676
0.5373791571558424
0.5207964168964825
0.1645350985293107
0.1293011252213468
]
MEAN:[0.34469485]
NUM_PHASES: 10
RUNS: [
0.3107085344951489
0.7940257076620034
0.4356296560817977
0.6582340564416218
0.6687113098974002
0.9174145009444513
0.7920233611236882
0.9005984775481779
0.6765738692182534
0.7062470537880786
]
MEAN:[0.68601665]
NUM_PHASES: 10
RUNS: [
6.459671605052459e-61
6.726688739434984e-61
2.5290852114008355e-61
9.344479408516637e-61
2.0952153968902585e-61
1.4265124243459645e-60
1.331512117773735e-60
3.772536809285191e-61
5.9130400915965696e-61
8.089618139271784e-61
]
MEAN:[7.25105808e-61]
NUM_PHASES: 20
RUNS: [
9.539121481005068e-121
6.88504453890094e-121
4.351149282714497e-121
1.1453000484497754e-120
2.8291205239196322e-120
1.2009943242969829e-121
3.18146181784805e-121
3.21862311420432e-121
2.69770710435049e-120
1.8411083837773007e-121
]
MEAN:[9.69387797e-121]
NUM_PHASES: 20
RUNS: [
4.669922705655719e-115
1.2452921248658044e-114
1.0891987165642888e-117
1.5239754708873893e-116
4.387208474176021e-117
8.043114315290986e-118
1.3320968297894798e-114
2.75167623948477e-115
9.649902515647705e-119
1.5563515134725495e-114
]
MEAN:[4.89751733e-115]
NUM_PHASES: 20
RUNS: [
0.21978873369132496
0.005257053237061045
0.3698803194797532
0.06949055879863535
0.003239340819442628
0.01819946706191102
0.021400155439856516
0.0034770576894174636
0.008820980914994728
0.008307824622004608
]
MEAN:[0.07278615]
NUM_PHASES: 20
RUNS: [
7.6110346823628646e-06
2.5573815979203972e-05
2.7180263556656463e-05
2.4153949924314634e-05
4.938717531363159e-05
1.3634794516501247e-05
1.2389292800010094e-05
2.4174189008398992e-05
2.5800809402526428e-05
1.4086206635903994e-05
]
MEAN:[2.23991532e-05]
NUM_PHASES: 20
RUNS: [
0.0
0.0
0.0
0.0
0.0
0.0
0.0
0.0
0.0
0.0
]
MEAN:[0.]
NUM_PHASES: 20
RUNS: [
0.0
0.0
0.0
0.05878808059703533
0.28176158673715396
0.28176144861507735
0.2817614612182076
0.0
0.0
0.19435016383084985
]
MEAN:[0.10984227]
NUM_PHASES: 20
RUNS: [
30.003837607797774
30.003837607797784
30.00383760779779
30.00383760779777
30.00383760779779
0.0
30.00383760779777
30.003837607797777
30.003837607797777
30.00383760779777
]
MEAN:[27.00345385]
NUM_PHASES: 20
RUNS: [
0.0
0.0
0.0
0.0
0.0
0.0
0.0
0.0
0.0
0.0
]
MEAN:[0.]
NUM_PHASES: 20
RUNS: [
1.4997597826618576e-32
1.4997597826618576e-32
1.4997597826618576e-32
1.4997597826618576e-32
1.4997597826618576e-32
1.4997597826618576e-32
1.4997597826618576e-32
1.4997597826618576e-32
1.4997597826618576e-32
1.4997597826618576e-32
]
MEAN:[1.49975978e-32]
NUM_PHASES: 20
RUNS: [
0.021201073855991126
0.12529730825372098
0.08594480477404431
0.06306100363144651
0.06283956759034481
0.12051649503337103
0.00038182698881428223
0.06283956759034481
0.06284241376124555
0.08422827011418121
]
MEAN:[0.06891523]
NUM_PHASES: 20
RUNS: [
3.4006304763807277e-124
2.049964916653937e-124
2.1223058336206933e-124
2.4203682127880043e-124
2.3175337609961537e-124
1.1440226186409344e-124
2.4465296634214305e-124
4.044113944802173e-124
1.4557716798913742e-124
9.58580136882459e-125
]
MEAN:[2.23598212e-124]
NUM_PHASES: 20
RUNS: [
7.974782913801126e-127
8.685775417834456e-127
5.749504323087936e-127
7.320462176057993e-128
3.0423644092649683e-127
1.2574771167706709e-126
3.310516473820941e-127
1.672708849603995e-126
5.835842671231372e-127
1.9316064044634956e-126
]
MEAN:[8.39487561e-127]
NUM_PHASES: 20
RUNS: [
19.99999990820857
19.999999890196417
19.99999993977052
19.99999992099232
19.99999994232341
19.99999990615768
19.999999917854087
19.999999942313632
19.999999935358446
19.999999889472377
]
MEAN:[19.99999992]
NUM_PHASES: 20
RUNS: [
0.0
0.0
0.0
0.0
0.0
0.0
0.0
0.0
0.0
0.0
]
MEAN:[0.]
NUM_PHASES: 20
RUNS: [
0.0
0.0
0.0
0.0
0.0
0.0
0.0
0.0
0.0
0.0
]
MEAN:[0.]
NUM_PHASES: 20
RUNS: [
0.0
0.0
0.0
0.0
0.0
0.0
0.0
0.0
0.0
0.0
]
MEAN:[0.]
NUM_PHASES: 20
RUNS: [
0.19222219252190786
0.17967947417413843
0.16217117587146102
0.21485154024358083
0.09908005925485308
0.1452460515275648
0.20529340425021958
0.29157697807206523
0.16701557859787086
0.12022897246622882
]
MEAN:[0.17773654]
NUM_PHASES: 20
RUNS: [
0.18862291132157177
0.5847964159944419
0.14496091705235403
0.18690412254758676
0.16787644309505245
0.6571759701517652
0.1860364855228126
0.22246502775268184
0.1905189707912019
0.17589082659148003
]
MEAN:[0.27052481]
NUM_PHASES: 20
RUNS: [
0.7702843187777577
0.8764567274266435
0.5233304313652524
0.7702157379444787
0.7438416455225787
0.7793676262788958
0.8843978613336989
1.013211480193982
0.8626512233284009
0.7498375019723431
]
MEAN:[0.79735946]
NUM_PHASES: 20
RUNS: [
3.5352089627512405e-65
9.580496062735764e-65
6.5150860607760135e-65
7.517795576161884e-65
6.928286715092603e-65
6.303052340160408e-65
1.1531877020562585e-64
1.6578159306346642e-64
6.599418130890813e-65
1.3731495359416635e-64
]
MEAN:[8.88208755e-65]
NUM_PHASES: 40
RUNS: [
8.302282300551921e-129
1.7761398362537377e-128
3.4472730812116045e-129
6.1663516184273765e-130
5.843071713428245e-129
3.3667838194722534e-128
2.668390035367999e-129
1.600555335375399e-128
2.0583111867403786e-128
2.9636906817075484e-129
]
MEAN:[1.11859245e-128]
NUM_PHASES: 40
RUNS: [
1.3428371715777073e-120
7.229741595023872e-121
6.388564112218808e-121
1.237503335194301e-122
2.765570912192908e-119
2.7496893994410156e-121
5.556804668250494e-119
1.5305197929119969e-120
2.110108667714529e-122
1.8668588440651735e-120
]
MEAN:[8.96342472e-120]
NUM_PHASES: 40
RUNS: [
0.00014554797890079714
0.00898400939132491
0.07542476373796277
1.3205417965149603e-05
0.0006454650813391871
0.00012732980450596863
0.0007657007292644941
0.00016275423224529432
0.00040713339370544114
8.279231576887625e-05
]
MEAN:[0.00867587]
NUM_PHASES: 40
RUNS: [
8.99510255050337e-06
4.734195340022006e-06
1.3649796493112385e-05
4.45846806962329e-06
5.173359317569306e-07
5.169307585810457e-06
6.033363726602183e-06
4.7078471838365744e-06
2.2649050389555683e-06
7.795037739526726e-06
]
MEAN:[5.83253597e-06]
NUM_PHASES: 40
RUNS: [
0.0
0.0
0.0
0.0
0.0
0.0
0.0
0.0
0.0
0.0
]
MEAN:[0.]
NUM_PHASES: 40
RUNS: [
0.2817613879654038
0.0
0.2817613891543104
0.2817613930213766
0.0
0.28176138739548306
9.992484617526998e-11
0.2817613866680782
0.0
0.28176138767467307
]
MEAN:[0.16905683]
NUM_PHASES: 40
RUNS: [
0.0
30.003837607797806
0.0
30.00383760779781
30.003837607797806
0.0
30.003837607797802
0.0
30.003837607797813
30.00383760779781
]
MEAN:[18.00230256]
NUM_PHASES: 40
RUNS: [
0.0
0.0
0.0
0.0
0.0
0.0
0.0
0.0
0.0
0.0
]
MEAN:[0.]
NUM_PHASES: 40
RUNS: [
1.4997597826618576e-32
1.4997597826618576e-32
1.4997597826618576e-32
1.4997597826618576e-32
1.4997597826618576e-32
1.4997597826618576e-32
1.4997597826618576e-32
1.4997597826618576e-32
1.4997597826618576e-32
1.4997597826618576e-32
]
MEAN:[1.49975978e-32]
NUM_PHASES: 40
RUNS: [
0.0628395675921638
0.04202032072316797
0.06290643276952324
0.08365881445934065
0.0532365274411859
0.04202032072862494
0.04202032072316797
0.042020320737719885
0.0628395676267246
0.06283960060864047
]
MEAN:[0.05564018]
NUM_PHASES: 40
RUNS: [
8.142719386008655e-132
2.3208920793472925e-132
8.083190943629161e-132
4.61699440526876e-132
6.988178707328088e-132
1.9878970147176284e-132
1.063259455473518e-132
9.447810936327273e-133
2.0441791847311454e-132
4.870850734755952e-132
]
MEAN:[4.1062943e-132]
NUM_PHASES: 40
RUNS: [
8.658458766124511e-135
5.4351463026661596e-135
4.9656213528652356e-135
1.7562242767038376e-135
2.920769815077039e-135
3.553921088468437e-135
3.7111912626944793e-135
2.5167442800963365e-134
1.1742588680963238e-134
2.1791799233196883e-134
]
MEAN:[8.97031636e-135]
NUM_PHASES: 40
RUNS: [
19.999999942313632
19.999999945497443
19.999999955030372
19.999999942313632
19.999999942501063
19.999999942313632
19.99999994243085
19.99999994268785
19.99999994997947
19.999999942376178
]
MEAN:[19.99999994]
NUM_PHASES: 40
RUNS: [
0.0
0.0
0.0
0.0
0.0
0.0
0.0
0.0
0.0
0.0
]
MEAN:[0.]
NUM_PHASES: 40
RUNS: [
0.0
0.0
0.0
0.0
0.0
0.0
0.0
0.0
0.0
0.0
]
MEAN:[0.]
NUM_PHASES: 40
RUNS: [
0.0
0.0
0.0
0.0
0.0
0.0
0.0
0.0
0.0
0.0
]
MEAN:[0.]
NUM_PHASES: 40
RUNS: [
0.18932887154549977
0.1555508479745465
0.14836573281764304
0.2814184629815285
0.2878661624074272
0.18143670552922114
0.29406934934496054
0.20802828567210946
0.20155839706463147
0.2256316529702686
]
MEAN:[0.21732545]
NUM_PHASES: 40
RUNS: [
0.7044710978871467
0.17232297944215275
0.2088513549605407
0.1489032329720063
0.6137213761112914
0.21609730283464623
0.22579164570373828
0.5971137377680031
0.1604941853016958
0.19819382853513412
]
MEAN:[0.32459607]
NUM_PHASES: 40
RUNS: [
0.6805304078315662
0.6776315278855339
0.6783741666981589
0.5190265798874896
0.6588435094887326
0.9189059952504557
0.3921845520316004
0.5543198368459018
0.90868384171344
1.0967134251872674
]
MEAN:[0.70852138]
NUM_PHASES: 40
RUNS: [
1.4574113901563856e-69
3.1399485394344953e-69
3.4571659129217663e-69
3.1658956924780774e-69
1.787569356369914e-69
6.310877360733305e-69
3.320838694787345e-69
3.0841823306721794e-69
9.5548455538259e-69
2.555867480087907e-69
]
MEAN:[3.78346023e-69]
NUM_PHASES: 60
RUNS: [
9.830888868229266e-135
3.405458564205346e-135
4.59261684994537e-135
7.792506064390621e-135
3.120886190530042e-134
3.329202850780867e-135
6.897926540555699e-136
7.827314093395105e-135
7.034702493375235e-135
3.189676881128505e-135
]
MEAN:[7.89010212e-135]
NUM_PHASES: 60
RUNS: [
4.753127591627296e-124
2.1782705085792653e-120
1.0440953940395246e-122
1.3280563087026978e-124
1.5625045911757457e-122
2.2793469619759413e-122
1.5466896883475013e-121
2.509325914298235e-122
7.87955463242096e-123
7.230980122202693e-123
]
MEAN:[2.42261086e-121]
NUM_PHASES: 60
RUNS: [
0.00011456126990335602
6.523028009410523e-06
0.0001319683046062193
2.7701470831113034e-08
1.0859970010616527e-05
6.940780135855322e-06
8.454159818109246e-06
9.823925678187378e-06
2.2577963785285802e-05
1.0589806357373442e-06
]
MEAN:[3.12796084e-05]
NUM_PHASES: 60
RUNS: [
4.905384156387119e-07
4.304054217804207e-06
6.287784698822423e-06
2.5207271961733506e-06
1.521094246818518e-07
7.428544739071012e-06
3.3146490047722496e-06
2.9292885402311e-06
2.0785140008386753e-06
6.129591580548282e-07
]
MEAN:[3.01191694e-06]
NUM_PHASES: 60
RUNS: [
0.0
0.0
0.0
0.0
0.0
0.0
0.0
0.0
0.0
0.0
]
MEAN:[0.]
NUM_PHASES: 60
RUNS: [
0.0
0.0
0.28176138743462914
0.28176139307827974
0.2817615649107902
0.28176139956668955
0.281761386595863
0.2817613865207547
0.2817613875390512
0.28176138837896175
]
MEAN:[0.22540913]
NUM_PHASES: 60
RUNS: [
0.0
0.0
30.00383760779783
30.003837607797827
0.0
30.003837607797813
30.00383760779783
30.003837607797816
30.003837607797816
30.00383760779781
]
MEAN:[21.00268633]
NUM_PHASES: 60
RUNS: [
0.0
0.0
0.0
0.0
0.0
0.0
0.0
0.0
0.0
0.0
]
MEAN:[0.]
NUM_PHASES: 60
RUNS: [
1.4997597826618576e-32
1.4997597826618576e-32
1.4997597826618576e-32
1.4997597826618576e-32
1.4997597826618576e-32
1.4997597826618576e-32
1.4997597826618576e-32
1.4997597826618576e-32
1.4997597826618576e-32
1.4997597826618576e-32
]
MEAN:[1.49975978e-32]
NUM_PHASES: 60
RUNS: [
0.05066017597891914
0.08366006578580709
0.06283957548657781
0.021201073866905062
0.08367924146659789
0.08369060971563158
0.021206505571171874
0.021201073857810115
0.0420204506990558
0.044277315553699736
]
MEAN:[0.05144361]
NUM_PHASES: 60
RUNS: [
2.6575338799566988e-138
2.19304818651323e-138
5.837628971709783e-138
3.212236501624276e-138
8.372651207174718e-138
3.224442144254745e-138
2.864633462663508e-138
8.041382370516024e-139
2.601106730451214e-137
9.608694722617267e-139
]
MEAN:[5.61382494e-138]
NUM_PHASES: 60
RUNS: [
1.0669506382742466e-140
1.5423918060147205e-140
1.5676939585270917e-140
1.4679348570804444e-141
3.17549267479878e-141
5.953400743156328e-141
1.2385311194938207e-140
1.6116757414972353e-140
1.1644549954512864e-141
1.797888661273648e-140
]
MEAN:[1.00012603e-140]
NUM_PHASES: 60
RUNS: [
19.999999942586754
19.999999944153743
19.999999942935915
19.99999994240157
19.999999943612284
19.99999995042188
19.99999995877693
19.99999995877693
19.999999927479067
19.9999999475347
]
MEAN:[19.99999995]
NUM_PHASES: 60
RUNS: [
0.0
0.0
0.0
0.0
0.0
0.0
0.0
0.0
0.0
0.0
]
MEAN:[0.]
NUM_PHASES: 60
RUNS: [
0.0
0.0
0.0
0.0
0.0
0.0
0.0
0.0
0.0
0.0
]
MEAN:[0.]
NUM_PHASES: 60
RUNS: [
0.0
0.0
0.0
0.0
0.0
0.0
0.0
0.0
0.0
0.0
]
MEAN:[0.]
NUM_PHASES: 60
RUNS: [
0.21253562661836634
0.21776567441675604
0.17302503226599408
0.15124967694159608
0.15943010256231976
0.2213393233789897
0.13229879599606487
0.17158931657407195
0.20188033049350018
0.12129934187526825
]
MEAN:[0.17624132]
NUM_PHASES: 60
RUNS: [
0.20656876906095295
0.17495379787270093
0.6411581203937445
0.20472960865500828
0.6622434000396886
0.15215716146800423
0.20138307218708656
0.24639109965928735
0.1889437584070766
0.21419437676150538
]
MEAN:[0.28927232]
NUM_PHASES: 60
RUNS: [
0.47213770518777265
0.5544798913405814
0.4106368505788158
0.9137854248116543
0.7467787619024605
0.477834213258272
0.7224762405147698
1.2229923949011787
0.6935040652043659
0.7728190275896095
]
MEAN:[0.69874446]
NUM_PHASES: 60
RUNS: [
6.471044903998564e-73
1.376865739754647e-72
2.890009293035401e-73
3.3593115260415234e-73
9.17911518867038e-73
1.699726466238738e-72
4.9022581804391804e-73
1.0352427182179314e-72
8.584234849019148e-73
1.216703903044126e-72
]
MEAN:[8.86713622e-73]
NUM_PHASES: 80
RUNS: [
3.9306287184545565e-147
1.9433763588298262e-147
6.4833212136033e-147
4.640027475393012e-148
8.573632792892699e-147
6.782565292633966e-147
1.3941544688268543e-147
3.0591787929347514e-147
2.1506993213644697e-147
7.783570053545907e-147
]
MEAN:[4.25651298e-147]
NUM_PHASES: 80
RUNS: [
7.765298399260209e-128
2.0891842228813168e-128
2.675452434086995e-129
2.7005805485918004e-129
1.1574505434564012e-127
8.875595052013626e-128
4.745341110867743e-128
1.6235135073092428e-128
4.14117000401874e-130
4.487034918650191e-130
]
MEAN:[3.72973231e-128]
NUM_PHASES: 80
RUNS: [
4.709094272850546e-09
7.85300190043948e-06
1.9189314753860644e-06
1.660970935030042e-07
1.0226571270063862e-06
1.216061028442547e-08
8.336835735012331e-08
1.173934679519544e-10
5.507063200810396e-10
2.2622130431535696e-08
]
MEAN:[1.10842159e-06]
NUM_PHASES: 80
RUNS: [
3.843055699114079e-07
4.063482906006745e-07
1.8701232557672739e-06
2.573123851424817e-06
7.536182006412857e-08
3.4555009466872457e-06
1.2570914367428552e-06
1.106762700440124e-09
2.3366076127160845e-06
2.256529461893949e-06
]
MEAN:[1.4616099e-06]
NUM_PHASES: 80
RUNS: [
0.0
0.0
0.0
0.0
0.0
0.0
0.0
0.0
0.0
0.0
]
MEAN:[0.]
NUM_PHASES: 80
RUNS: [
0.28176138644797283
0.28176138644805243
0.2817613864480996
0.0
0.2817613864480054
0.2817613864480083
0.2817613864479572
0.2817613864480148
0.5782618619069364
0.28176138644871795
]
MEAN:[0.2832353]
NUM_PHASES: 80
RUNS: [
0.0
30.003837607797777
30.003837607797777
30.00383760779778
30.003837607797777
30.003837607797774
0.0
30.00383760779778
30.00383760779777
30.00383760779778
]
MEAN:[24.00307009]
NUM_PHASES: 80
RUNS: [
0.0
0.0
0.0
0.0
0.0
0.0
0.0
0.0
0.0
0.0
]
MEAN:[0.]
NUM_PHASES: 80
RUNS: [
1.4997597826618576e-32
1.4997597826618576e-32
1.4997597826618576e-32
1.4997597826618576e-32
1.4997597826618576e-32
1.4997597826618576e-32
1.4997597826618576e-32
1.4997597826618576e-32
1.4997597826618576e-32
1.4997597826618576e-32
]
MEAN:[1.49975978e-32]
NUM_PHASES: 80
RUNS: [
0.0003818269851763034
0.00038182698881428223
0.00038182698881428223
0.00038182698881428223
0.00038182698881428223
0.0003818269851763034
0.0003818269851763034
0.00038182698881428223
0.00038182698881428223
0.00038182698699529283
]
MEAN:[0.00038183]
NUM_PHASES: 80
RUNS: [
9.560496898032395e-151
1.7139649292907453e-151
7.616432489858995e-151
9.219899748506507e-151
2.7842746687435203e-150
6.456693401693818e-151
6.394059606305966e-150
4.0223697214239204e-151
1.1281630767471197e-150
2.1859542463135815e-150
]
MEAN:[1.63514373e-150]
NUM_PHASES: 80
RUNS: [
2.0773841088869013e-153
1.370848742976986e-153
3.6273349921003035e-153
5.306156917670862e-153
3.626673328649045e-154
2.885031702512959e-154
1.3122352641934e-153
1.867979029725259e-153
1.1018113112439326e-153
2.5061550369389485e-154
]
MEAN:[1.75655364e-153]
NUM_PHASES: 80
RUNS: [
19.999999921645497
19.999999921640104
19.99999995877693
19.999999933951678
19.99999995877693
19.999999944153743
19.99999995877693
19.999999943082667
19.99999995877693
19.999999930011118
]
MEAN:[19.99999994]
NUM_PHASES: 80
RUNS: [
0.0
0.0
0.0
0.0
0.0
0.0
0.0
0.0
0.0
0.0
]
MEAN:[0.]
NUM_PHASES: 80
RUNS: [
0.0
0.0
0.0
0.0
0.0
0.0
0.0
0.0
0.0
0.0
]
MEAN:[0.]
NUM_PHASES: 80
RUNS: [
0.0
0.0
0.0
0.0
0.0
0.0
0.0
0.0
0.0
0.0
]
MEAN:[0.]
NUM_PHASES: 80
RUNS: [
0.22408643837126097
0.24019233442651639
0.18363583411559908
0.18356570318166326
0.20746072269351168
0.16453081748648313
0.2217686525823499
0.22710433482367748
0.2358802265368633
0.15790938244448255
]
MEAN:[0.20461344]
NUM_PHASES: 80
RUNS: [
0.05150595485383275
0.09219118640960966
0.07666623836497233
0.05472323498079856
0.0692845853825158
0.0650324030380679
0.06080597940724575
0.06272662646902805
0.0538355622846981
0.054285688192551695
]
MEAN:[0.06410575]
NUM_PHASES: 80
RUNS: [
0.943593244926589
0.8909992093925564
0.6090195036626821
0.8234137186476145
0.5281024940247717
0.6784118657325625
0.8194296888542391
0.4656409414760121
0.6035503781330325
0.47581330138717637
]
MEAN:[0.68379743]
NUM_PHASES: 80
RUNS: [
1.3923456775736727e-79
1.0746286362648077e-79
1.1893623856854291e-79
3.175520450303864e-79
2.50260025623165e-79
1.6017011136328707e-79
3.2621170556133284e-79
2.5279102596906037e-79
1.5840311661181732e-79
1.2787921041815222e-79
]
MEAN:[1.95890091e-79]
NUM_PHASES: 100
RUNS: [
9.234944678334208e-145
2.9139470814891236e-145
3.4775757327663175e-146
1.1449688442033109e-145
9.917773249993612e-145
4.2628236783721965e-145
1.0374038405105528e-145
8.996315847533141e-146
3.044390611907413e-145
5.589334372466077e-145
]
MEAN:[3.83929755e-145]
NUM_PHASES: 100
RUNS: [
3.0866480743163162e-127
1.2877909527492062e-125
2.2491562639012764e-129
2.080806315698887e-126
3.3246401862390047e-127
1.5330330027724826e-127
2.7898460127232323e-126
4.3839742199200845e-127
2.1363804826062217e-127
3.657522752079098e-127
]
MEAN:[1.95630309e-126]
NUM_PHASES: 100
RUNS: [
6.140821275398018e-10
4.161611162527946e-07
5.791717172559669e-10
7.27646803063391e-09
1.327666303678325e-08
4.246071719880148e-09
1.6708758635531317e-09
7.738475815698926e-10
9.172576802091243e-10
1.7743677513515977e-08
]
MEAN:[4.63259232e-08]
NUM_PHASES: 100
RUNS: [
2.8533109712366076e-07
8.327233581267552e-08
2.131508505108967e-09
1.098575815256551e-06
1.2726376471780796e-06
8.485675409298527e-07
1.1711085286169273e-06
8.64682783282073e-08
6.623587210376635e-07
1.0261232242068927e-07
]
MEAN:[5.6130638e-07]
NUM_PHASES: 100
RUNS: [
0.0
0.0
0.0
0.0
0.0
0.0
0.0
0.0
0.0
0.0
]
MEAN:[0.]
NUM_PHASES: 100
RUNS: [
0.28176138646074556
0.0
0.2817613898530318
0.2817613957127583
0.28176139392983146
0.0
0.2817613875557574
0.28176138685647323
0.28176138644799276
0.28176138693627906
]
MEAN:[0.22540911]
NUM_PHASES: 100
RUNS: [
0.0
30.003837607797845
30.00383760779783
30.00383760779783
0.0
30.003837607797823
30.003837607797834
0.0
30.003837607797827
0.0
]
MEAN:[18.00230256]
NUM_PHASES: 100
RUNS: [
0.0
0.0
0.0
0.0
0.0
0.0
0.0
0.0
0.0
0.0
]
MEAN:[0.]
NUM_PHASES: 100
RUNS: [
1.4997597826618576e-32
1.4997597826618576e-32
1.4997597826618576e-32
1.4997597826618576e-32
1.4997597826618576e-32
1.4997597826618576e-32
1.4997597826618576e-32
1.4997597826618576e-32
1.4997597826618576e-32
1.4997597826618576e-32
]
MEAN:[1.49975978e-32]
NUM_PHASES: 100
RUNS: [
0.04202032077591866
0.04202058647024387
0.04202032072134898
0.025215485560693196
0.04202411661572114
0.04202032072316797
0.042022327517770464
0.04209582229304942
0.04202032072316797
0.021201078039666754
]
MEAN:[0.03826607]
NUM_PHASES: 100
RUNS: [
4.210031279255593e-149
5.883246757630082e-149
3.9835805794905645e-149
2.712514054252996e-149
1.4511223815105362e-147
4.020179843006499e-149
1.0918947970619123e-148
5.183798832076216e-148
1.8948067398395265e-148
1.9138455343419382e-148
]
MEAN:[2.6676525e-148]
NUM_PHASES: 100
RUNS: [
3.698462209779479e-151
5.095077706321188e-151
6.154327275236511e-151
2.9254924909628505e-151
2.192702090088356e-151
2.139844555170446e-152
4.6412141431094395e-151
4.499707490835556e-151
1.1157458010831637e-151
7.447055248247943e-152
]
MEAN:[3.12814192e-151]
NUM_PHASES: 100
RUNS: [
19.999999951802412
19.99999994240157
19.99999994403831
19.99999995877693
19.99999994263538
19.999999942337094
19.99999995877693
19.99999994505893
19.99999994230581
19.99999995877693
]
MEAN:[19.99999995]
NUM_PHASES: 100
RUNS: [
0.0
0.0
0.0
0.0
0.0
0.0
0.0
0.0
0.0
0.0
]
MEAN:[0.]
NUM_PHASES: 100
RUNS: [
0.0
0.0
0.0
0.0
0.0
0.0
0.0
0.0
0.0
0.0
]
MEAN:[0.]
NUM_PHASES: 100
RUNS: [
0.0
0.0
0.0
0.0
0.0
0.0
0.0
0.0
0.0
0.0
]
MEAN:[0.]
NUM_PHASES: 100
RUNS: [
0.25924570338871733
0.23992966297614704
0.13769047583561284
0.22534385519346767
0.16469778396429885
0.16250371025038984
0.19019240432705548
0.17144304533759958
0.22815703691221462
0.20121277564073814
]
MEAN:[0.19804165]
NUM_PHASES: 100
RUNS: [
0.19404933662942714
0.18660671070712676
0.17499768954563094
0.18220843725450242
0.20939891443039022
0.16221390372544392
0.13726714403973816
0.24704225478132646
0.20227552881361194
0.636489955139739
]
MEAN:[0.23325499]
NUM_PHASES: 100
RUNS: [
0.9742482414543341
0.7159273815683167
0.6743620155316219
0.8269361829969276
0.744328840021375
1.1293229888372935
0.46385042502526974
0.8193216210956992
0.55421423111027
0.8505760219386964
]
MEAN:[0.77530879]
NUM_PHASES: 100
RUNS: [
1.6969134060625875e-78
1.9339388576654944e-78
6.059564147472283e-78
1.1985292957060668e-78
4.354128894636939e-78
4.00483380641958e-78
7.926534885042855e-78
3.044476337970002e-78
1.863485157878946e-78
1.4521879043719645e-78
]
MEAN:[3.35345927e-78]
NUM_PHASES: 200
RUNS: [
2.5361792201772554e-159
8.807796839035616e-159
2.7635684564331696e-159
2.693192913272208e-159
1.1073469056547105e-159
1.3571829902632583e-158
5.929779657472358e-159
6.063801288616033e-159
2.550440720455582e-158
4.631936204872627e-159
]
MEAN:[7.36098386e-159]
NUM_PHASES: 200
RUNS: [
8.466591887439384e-129
5.739165591711087e-130
5.0456667009516675e-132
2.265004661053579e-130
8.113897882211861e-128
6.9507352736398e-130
1.6430849531701898e-130
1.069035136281937e-130
4.923349622863672e-129
3.7478485559091555e-128
]
MEAN:[1.33779154e-128]
NUM_PHASES: 200
RUNS: [
2.0251742695330645e-14
2.170794840730657e-12
1.4171753159566516e-16
8.110467410845392e-18
2.3837837903184086e-14
5.403072733434307e-16
1.0509676579665934e-14
2.2272028866993185e-16
4.317973051691191e-18
2.9521092932280428e-15
]
MEAN:[2.22926338e-13]
NUM_PHASES: 200
RUNS: [
5.880820800706798e-09
5.0425074923039464e-08
1.0934862313118127e-08
1.9245526573039524e-08
4.881152381721237e-11
1.6187557883839318e-08
8.456777864973717e-08
1.6636608745652105e-12
1.9559560860656218e-08
1.054834285444285e-08
]
MEAN:[2.174e-08]
NUM_PHASES: 200
RUNS: [
0.0
0.0
0.0
0.0
0.0
0.0
0.0
0.0
0.0
0.0
]
MEAN:[0.]
NUM_PHASES: 200
RUNS: [
0.28176138664739814
0.2817613926562503
0.0
0.28176143575392903
0.2817613984072766
0.0
0.2817613931768652
0.2817614052559531
0.2817613869950387
0.2817613870562684
]
MEAN:[0.22540912]
NUM_PHASES: 200
RUNS: [
0.0
30.00383760779783
30.003837607797852
30.003837607797834
0.0
30.003837607797845
30.003837607797834
30.003837607797845
30.00383760779785
30.003837607797827
]
MEAN:[24.00307009]
NUM_PHASES: 200
RUNS: [
0.0
0.0
0.0
0.0
0.0
0.0
0.0
0.0
0.0
0.0
]
MEAN:[0.]
NUM_PHASES: 200
RUNS: [
1.4997597826618576e-32
1.4997597826618576e-32
1.4997597826618576e-32
1.4997597826618576e-32
1.4997597826618576e-32
1.4997597826618576e-32
1.4997597826618576e-32
1.4997597826618576e-32
1.4997597826618576e-32
1.4997597826618576e-32
]
MEAN:[1.49975978e-32]
NUM_PHASES: 200
RUNS: [
0.06283956764673349
0.0628396689571673
0.04205207987433823
0.0003818269851763034
0.042020320737719885
0.04408489870002086
0.04202032072134898
0.00038182698881428223
0.04202296491712332
0.04521562539957813
]
MEAN:[0.03838591]
NUM_PHASES: 200
RUNS: [
5.744459876230374e-162
7.037560692096466e-162
1.303917200426424e-161
9.07251228412137e-163
1.6937126252618927e-162
3.286090604628113e-162
2.069967430727151e-161
1.536325812375425e-162
6.325003610734563e-163
4.955729305732221e-162
]
MEAN:[5.95324768e-162]
NUM_PHASES: 200
RUNS: [
2.0248948289048616e-164
2.497785772052358e-164
2.0677053700823976e-164
1.0459179562267637e-164
3.731928371991658e-164
5.3759563482031483e-166
1.8134806943673306e-165
6.860841192942226e-166
3.9941750548435956e-165
7.952684998800241e-165
]
MEAN:[1.28666343e-164]
NUM_PHASES: 200
RUNS: [
19.999999941736725
19.999999942313632
19.999999942307763
19.99999995877693
19.99999994392643
19.999999944153743
19.999999942354687
19.99999995877693
19.9999999475347
19.999999953754607
]
MEAN:[19.99999995]
NUM_PHASES: 200
RUNS: [
0.0
0.0
0.0
0.0
0.0
0.0
0.0
0.0
0.0
0.0
]
MEAN:[0.]
NUM_PHASES: 200
RUNS: [
0.0
0.0
0.0
0.0
0.0
0.0
0.0
0.0
0.0
0.0
]
MEAN:[0.]
NUM_PHASES: 200
RUNS: [
0.0
0.0
0.0
0.0
0.0
0.0
0.0
0.0
0.0
0.0
]
MEAN:[0.]
NUM_PHASES: 200
RUNS: [
0.24855546475632712
0.18989827786718805
0.22495556092075464
0.3110804174814043
0.17339865063484866
0.19951056032658188
0.24435955886607608
0.21537589046514655
0.18869108842156607
0.2987286947546679
]
MEAN:[0.22945542]
NUM_PHASES: 200
RUNS: [
0.22554411298747956
0.3394627271888353
0.23342522114605974
0.23540851021837594
0.5631579735164541
0.27664545119779965
0.20369374296845344
0.2826075294429916
0.24481856723481182
0.2532409897889636
]
MEAN:[0.28580048]
NUM_PHASES: 200
RUNS: [
1.0238157686239666
0.5850553871449686
0.959833058301493
1.2048952860674844
0.8097737509119937
1.0218389120045388
0.6972139411569286
0.7310639146921522
0.7374672379249304
0.6206378563350722
]
MEAN:[0.83915951]
NUM_PHASES: 200
RUNS: [
2.7324490719071633e-85
3.0375535500516615e-85
1.5354633629292964e-85
5.1161336438635464e-85
2.5343043197568417e-85
4.9999287429497834e-85
4.9591985454690537e-85
1.7816101251075723e-85
1.6108389907281287e-85
2.1522584750195082e-85
]
MEAN:[3.04597388e-85]
NUM_PHASES: 300
RUNS: [
1.354840477622327e-159
2.0255146449182925e-160
5.6820616011252607e-160
2.475662107381318e-160
4.134980801177706e-160
6.624183911005576e-162
8.630017408923697e-160
5.506028079415669e-161
1.19193765916951e-160
3.073199881301821e-160
]
MEAN:[4.13786235e-160]
NUM_PHASES: 300
RUNS: [
4.375518773673705e-133
1.3712574994125249e-131
2.576114223001396e-131
6.266617324806505e-132
1.007295967639403e-130
2.04918251684926e-133
5.379639902459662e-134
1.98633778712105e-132
1.4652022889130016e-130
4.901130984486738e-134
]
MEAN:[2.95721776e-131]
NUM_PHASES: 300
RUNS: [
10539.30877784708
11051.626666111906
1.598250027976009e-17
2.5385427400990988e-17
1.6051511069283078e-13
5.806829940635779e-17
9.007761182968084e-18
2.776828097204155e-16
10396.809902226689
4.089609366752682e-16
]
MEAN:[3198.77453462]
NUM_PHASES: 300
RUNS: [
6.052334393393219e-11
4.3839805360668936e-11
6.937569257881327e-11
4.1488942601443166e-11
2.1417186159045864e-11
5.783628153363143e-14
8.48281571953952e-10
2.7476265314906884e-10
2.78405939553238e-11
5.7214230174801165e-11
]
MEAN:[1.44480186e-10]
NUM_PHASES: 300
RUNS: [
0.0
0.0
0.0
0.0
0.0
0.0
0.0
0.0
0.0
0.0
]
MEAN:[0.]
NUM_PHASES: 300
RUNS: [
0.28176138809638274
0.2817613864490845
0.2817613864481994
0.28176138644794735
0.0
0.2817614905901043
0.281761386524581
0.28176140758659235
0.2817614882783843
0.2817614132505197
]
MEAN:[0.25358527]
NUM_PHASES: 300
RUNS: [
0.0
0.0
30.003837607797863
30.003837607797866
0.0
30.00383760779786
30.00383760779787
0.0
30.003837607797866
30.00383760779786
]
MEAN:[18.00230256]
NUM_PHASES: 300
RUNS: [
0.0
0.0
0.0
0.0
0.0
0.0
0.0
0.0
0.0
0.0
]
MEAN:[0.]
NUM_PHASES: 300
RUNS: [
1.4997597826618576e-32
1.4997597826618576e-32
1.4997597826618576e-32
1.4997597826618576e-32
1.4997597826618576e-32
1.4997597826618576e-32
1.4997597826618576e-32
1.4997597826618576e-32
1.4997597826618576e-32
1.4997597826618576e-32
]
MEAN:[1.49975978e-32]
NUM_PHASES: 300
RUNS: [
0.04202032098692143
0.02877956593692943
0.04208460014342563
0.02303182859759545
0.04202032072134898
0.042085152061190456
0.02124605421886372
0.02120107390510384
0.04202223590800713
0.042020322596727055
]
MEAN:[0.03465115]
NUM_PHASES: 300
RUNS: [
9.625394091700402e-165
4.381676961116196e-164
9.675500400810385e-164
1.5043583057132373e-163
2.193052919309681e-163
2.869845905255292e-164
3.25352695568309e-164
8.005836493528315e-164
8.973770976120153e-165
1.9500062997268644e-164
]
MEAN:[6.89704218e-164]
NUM_PHASES: 300
RUNS: [
6.771732999539231e-168
2.645801409253681e-166
2.2061726144809357e-166
1.4075515679247663e-167
9.605123198511048e-167
4.512654311892979e-166
5.474008460527699e-167
1.2223084018005272e-166
2.0540268162055643e-167
9.386551895688177e-167
]
MEAN:[1.34473803e-166]
NUM_PHASES: 300
RUNS: [
19.999999943612284
19.999999942804273
19.999999952279214
19.999999930056635
19.999999942586754
19.999999942337094
19.99999994230581
19.999999944038315
19.999999943612284
19.99999995877693
]
MEAN:[19.99999994]
NUM_PHASES: 300
RUNS: [
0.0
0.0
0.0
0.0
0.0
0.0
0.0
0.0
0.0
0.0
]
MEAN:[0.]
NUM_PHASES: 300
RUNS: [
0.0
0.0
0.0
0.0
0.0
0.0
0.0
0.0
0.0
0.0
]
MEAN:[0.]
NUM_PHASES: 300
RUNS: [
0.0
0.0
0.0
0.0
0.0
0.0
0.0
0.0
0.0
0.0
]
MEAN:[0.]
NUM_PHASES: 300
RUNS: [
0.4325373803145219
0.42758037733268583
0.453582958785873
0.5958599889985314
0.45125700761110343
0.46572577009907606
0.4106177067498712
0.4027784404347509
0.5378764405271895
0.5511901056235389
]
MEAN:[0.47290062]
NUM_PHASES: 300
RUNS: [
0.5387909582590509
0.5343264149779423
0.4194206197766587
0.38227177278321733
0.3927878737489236
0.5716909055391591
0.5087349897174146
0.3594637237988922
0.34914828423268424
0.5155999392289334
]
MEAN:[0.45722355]
NUM_PHASES: 300
RUNS: [
0.7170620982820297
0.9108274519079259
0.5403053808074808
0.4244072979844785
0.7407927429589466
1.0052214122778014
0.6598412983554982
0.5460094542287327
0.7089905205767095
0.6957813534575726
]
MEAN:[0.6949239]
NUM_PHASES: 300
RUNS: [
3.0036459059651682e-86
1.136121689800728e-85
4.646468755085313e-86
2.5643958493079784e-85
5.754335052985807e-86
2.23250610093891e-86
1.678186436158602e-86
1.0463729602685196e-85
1.2347197446467e-85
8.407950080141968e-86
]
MEAN:[8.55391948e-86]
