ALGORITHM: repeatingintervalbasedpolicy
NUM_PHASES: 2
RUNS: [
96.10889246362014
40.74787935500756
67.81023731066767
67.82477636638612
67.78330962908959
67.69888843561924
68.52792730926849
62.5693719787898
56.55673828937592
68.23050999290298
]
MEAN:[66.38585311]
NUM_PHASES: 5
RUNS: [
66.36320337213984
16.309558133058538
60.64946209993091
66.14241249158971
0.04922829219882597
65.5783898452663
61.39575140298696
60.65462974494783
53.90262862515098
60.791596521202145
]
MEAN:[51.18368605]
NUM_PHASES: 10
RUNS: [
0.0013470573125909469
56.63227365730578
57.202833133291534
55.911703928431976
55.34576931229227
55.770450367080194
30.531435111685536
1.605312128202517e-05
52.24922866482124
56.93060244968511
]
MEAN:[42.05756597]
NUM_PHASES: 20
RUNS: [
52.50437080102965
0.0002599404264558962
53.61277379123759
53.477420299173225
53.82241341874253
0.0007677537230407732
28.62091320036039
2.7019424587116667
0.011584294977563789
2.4625988643157953e-07
]
MEAN:[24.47524462]
NUM_PHASES: 40
RUNS: [
48.74291587798156
5.5719685360311624e-08
2.9357214821175894e-07
50.16559946557024
49.52903085403612
47.794425755951536
8.294311847450058e-07
46.28022479911146
48.575316374840426
50.32011321958058
]
MEAN:[34.14076275]
NUM_PHASES: 60
RUNS: [
0.0001730878127577883
1.7706421030388426e-06
7.255674537120592e-08
1.5076496957195817e-06
7.169120395125085e-06
42.97842127852343
8.594153599636199e-06
40.569147047405565
1.2315332602679816
0.0008524892638510282
]
MEAN:[8.47801463]
NUM_PHASES: 80
RUNS: [
41.30357771041023
1.7173560130941879e-07
39.16584307687209
0.014769604057590353
40.84135398550176
2.8557084076335876e-06
0.000618366381990006
39.95481567571221
0.6505120264187568
19.295713600241477
]
MEAN:[18.12272071]
NUM_PHASES: 100
RUNS: [
0.08005329500450761
86.41899011960072
35.470615607474656
0.03525281742545865
0.04261779738474897
0.015711593969635708
7.807841938083756
0.0002472394867151706
1.0621940612258545
33.19634224599063
]
MEAN:[16.41298667]
NUM_PHASES: 200
RUNS: [
0.9959916585488257
23.57210763978145
24.144662978830315
3.466568768318461e-05
0.00027798674401553747
13.22571186933878
0.008718532842045112
0.0008791753174736907
21.550926249266276
23.771212872396575
]
MEAN:[10.72705236]
NUM_PHASES: 300
RUNS: [
0.003874895974061732
0.031941949750107806
5.520084485217629
6.0609538591996165e-06
1.1946664859124974
9.78007868662548e-12
2.744510241384713e-09
4.604859940005525e-11
0.0057723508810443806
1.1882575348994633e-07
]
MEAN:[0.67563464]
